2025-03-06 13:45:53,062 - __main__ - INFO - Test message from isolated logging configuration
